[00:13:55] [main/INFO]: Loading Minecraft 1.20.1 with Fabric Loader 0.18.2
[00:13:56] [main/INFO]: Loading 125 mods:
	- advanced_runtime_resource_pack 0.8.1
	- berezka_api 1.2.0
	- bodyhealthsystem 0.3.6
	- cloth-config 11.1.136
	   \-- cloth-basic-math 0.6.1
	- coroutil 1.20.1-1.3.7
	- create 6.0.8.1+build.1744-mc1.20.1
	   |-- com_google_code_findbugs_jsr305 3.0.2
	   |-- flywheel 1.0.5+1.20.1.build.264
	   |-- milk 1.2.60
	   |    \-- dripstone_fluid_lib 3.0.2
	   |-- ponder 1.0.91
	   |    |-- com_google_code_findbugs_jsr305 3.0.2
	   |    |-- flywheel 1.0.0
	   |    \-- javax_annotation_javax_annotation-api 1.3.2
	   |-- porting_lib_accessors 2.3.13+1.20.1
	   |    \-- porting_lib_core 2.3.13+1.20.1
	   |-- porting_lib_base 2.3.13+1.20.1
	   |    |-- com_electronwill_night-config_core 3.6.6
	   |    |-- com_electronwill_night-config_toml 3.6.6
	   |    |-- porting_lib_attributes 2.3.13+1.20.1
	   |    |-- porting_lib_common 2.3.13+1.20.1
	   |    |-- porting_lib_config 2.3.13+1.20.1
	   |    |-- porting_lib_core 2.3.13+1.20.1
	   |    |-- porting_lib_fluids 2.3.13+1.20.1
	   |    |-- porting_lib_gui_utils 2.3.13+1.20.1
	   |    |-- porting_lib_lazy_registration 2.3.13+1.20.1
	   |    |-- porting_lib_mixin_extensions 2.3.13+1.20.1
	   |    |-- porting_lib_utility 2.3.13+1.20.1
	   |    \-- reach-entity-attributes 2.4.0
	   |-- porting_lib_brewing 2.3.13+1.20.1
	   |    \-- porting_lib_core 2.3.13+1.20.1
	   |-- porting_lib_client_events 2.3.13+1.20.1
	   |    \-- porting_lib_core 2.3.13+1.20.1
	   |-- porting_lib_entity 2.3.13+1.20.1
	   |    |-- porting_lib_core 2.3.13+1.20.1
	   |    \-- porting_lib_mixin_extensions 2.3.13+1.20.1
	   |-- porting_lib_extensions 2.3.13+1.20.1
	   |    |-- porting_lib_attributes 2.3.13+1.20.1
	   |    |-- porting_lib_common 2.3.13+1.20.1
	   |    |-- porting_lib_core 2.3.13+1.20.1
	   |    \-- reach-entity-attributes 2.4.0
	   |-- porting_lib_model_generators 2.3.13+1.20.1
	   |    |-- porting_lib_core 2.3.13+1.20.1
	   |    |-- porting_lib_data 2.3.13+1.20.1
	   |    |-- porting_lib_model_materials 2.3.13+1.20.1
	   |    \-- porting_lib_utility 2.3.13+1.20.1
	   |-- porting_lib_models 2.3.13+1.20.1
	   |    |-- porting_lib_core 2.3.13+1.20.1
	   |    |-- porting_lib_fluids 2.3.13+1.20.1
	   |    \-- porting_lib_model_loader 2.3.13+1.20.1
	   |-- porting_lib_networking 2.3.13+1.20.1
	   |    \-- porting_lib_core 2.3.13+1.20.1
	   |-- porting_lib_obj_loader 2.3.13+1.20.1
	   |    |-- porting_lib_core 2.3.13+1.20.1
	   |    \-- porting_lib_model_loader 2.3.13+1.20.1
	   |-- porting_lib_tool_actions 2.3.13+1.20.1
	   |    \-- porting_lib_core 2.3.13+1.20.1
	   |-- porting_lib_transfer 2.3.13+1.20.1
	   |    |-- porting_lib_core 2.3.13+1.20.1
	   |    \-- porting_lib_fluids 2.3.13+1.20.1
	   |-- reach-entity-attributes 2.4.0
	   \-- registrate-fabric 1.3.79-MC1.20.1
	        |-- com_google_code_findbugs_jsr305 3.0.2
	        \-- porting_lib_tags 3.0
	             \-- porting_lib_gametest 2.1.1090+1.20
	- dehydration 1.3.6
	- fabric-api 0.92.11+1.20.1
	   |-- fabric-api-base 0.4.32+1802ada577
	   |-- fabric-api-lookup-api-v1 1.6.37+1802ada577
	   |-- fabric-biome-api-v1 13.0.15+93aa238b77
	   |-- fabric-block-api-v1 1.0.12+1802ada577
	   |-- fabric-block-view-api-v2 1.0.3+924f046a77
	   |-- fabric-blockrenderlayer-v1 1.1.42+1802ada577
	   |-- fabric-client-tags-api-v1 1.2.0+238242b777
	   |-- fabric-command-api-v1 1.2.35+f71b366f77
	   |-- fabric-command-api-v2 2.2.14+1802ada577
	   |-- fabric-commands-v0 0.2.52+df3654b377
	   |-- fabric-containers-v0 0.1.68+df3654b377
	   |-- fabric-content-registries-v0 4.0.13+1802ada577
	   |-- fabric-convention-tags-v1 1.5.6+1802ada577
	   |-- fabric-crash-report-info-v1 0.2.20+1802ada577
	   |-- fabric-data-attachment-api-v1 1.0.2+de0fd6d177
	   |-- fabric-data-generation-api-v1 12.4.0+238242b777
	   |-- fabric-dimensions-v1 2.1.55+1802ada577
	   |-- fabric-entity-events-v1 1.6.1+1c78457f77
	   |-- fabric-events-interaction-v0 0.6.6+13a40c6677
	   |-- fabric-events-lifecycle-v0 0.2.64+df3654b377
	   |-- fabric-game-rule-api-v1 1.0.41+1802ada577
	   |-- fabric-item-api-v1 2.1.29+1802ada577
	   |-- fabric-item-group-api-v1 4.0.14+1802ada577
	   |-- fabric-key-binding-api-v1 1.0.38+1802ada577
	   |-- fabric-keybindings-v0 0.2.36+df3654b377
	   |-- fabric-lifecycle-events-v1 2.2.23+1802ada577
	   |-- fabric-loot-api-v2 1.2.3+1802ada577
	   |-- fabric-loot-tables-v1 1.1.47+9e7660c677
	   |-- fabric-message-api-v1 5.1.10+1802ada577
	   |-- fabric-mining-level-api-v1 2.1.52+1802ada577
	   |-- fabric-model-loading-api-v1 1.0.4+1802ada577
	   |-- fabric-models-v0 0.4.3+9386d8a777
	   |-- fabric-networking-api-v1 1.3.15+0caff8d077
	   |-- fabric-networking-v0 0.3.55+df3654b377
	   |-- fabric-object-builder-api-v1 11.1.5+e35120df77
	   |-- fabric-particles-v1 1.1.3+1802ada577
	   |-- fabric-recipe-api-v1 1.0.25+1802ada577
	   |-- fabric-registry-sync-v0 2.4.1+4c0a70e677
	   |-- fabric-renderer-api-v1 3.2.2+1802ada577
	   |-- fabric-renderer-indigo 1.5.3+85287f9f77
	   |-- fabric-renderer-registries-v1 3.2.47+df3654b377
	   |-- fabric-rendering-data-attachment-v1 0.3.39+92a0d36777
	   |-- fabric-rendering-fluids-v1 3.0.29+1802ada577
	   |-- fabric-rendering-v0 1.1.50+df3654b377
	   |-- fabric-rendering-v1 3.0.9+1802ada577
	   |-- fabric-resource-conditions-api-v1 2.3.9+1802ada577
	   |-- fabric-resource-loader-v0 0.11.12+fb82e9d777
	   |-- fabric-screen-api-v1 2.0.9+1802ada577
	   |-- fabric-screen-handler-api-v1 1.3.34+1802ada577
	   |-- fabric-sound-api-v1 1.0.14+1802ada577
	   |-- fabric-tag-api-v1 1.3.0+238242b777
	   |-- fabric-transfer-api-v1 3.3.6+8dd72ea377
	   \-- fabric-transitive-access-wideners-v1 4.3.2+1802ada577
	- fabric-language-kotlin 1.13.13+kotlin.2.4.10
	   |-- org_jetbrains_kotlin_kotlin-reflect 2.4.10
	   |-- org_jetbrains_kotlin_kotlin-stdlib 2.4.10
	   |-- org_jetbrains_kotlin_kotlin-stdlib-jdk7 2.4.10
	   |-- org_jetbrains_kotlin_kotlin-stdlib-jdk8 2.4.10
	   |-- org_jetbrains_kotlinx_atomicfu-jvm 0.33.0
	   |-- org_jetbrains_kotlinx_kotlinx-coroutines-core-jvm 1.11.0
	   |-- org_jetbrains_kotlinx_kotlinx-coroutines-jdk8 1.11.0
	   |-- org_jetbrains_kotlinx_kotlinx-datetime-jvm 0.8.0
	   |-- org_jetbrains_kotlinx_kotlinx-io-bytestring-jvm 0.9.1
	   |-- org_jetbrains_kotlinx_kotlinx-io-core-jvm 0.9.1
	   |-- org_jetbrains_kotlinx_kotlinx-serialization-cbor-jvm 1.11.0
	   |-- org_jetbrains_kotlinx_kotlinx-serialization-core-jvm 1.11.0
	   \-- org_jetbrains_kotlinx_kotlinx-serialization-json-jvm 1.11.0
	- fabricloader 0.18.2
	   \-- mixinextras 0.5.0
	- ferritecore 6.0.1
	- geckolib 4.8.4
	   \-- com_eliotlash_mclib_mclib 20
	- java 17
	- jei 15.49.0.188
	- krypton 0.2.3
	   \-- com_velocitypowered_velocity-native 3.2.0-SNAPSHOT
	- minecraft 1.20.1
	- mobsunscreen 3.1.0
	- pointblank 1.11.1
	- simple_backpack 1.5.4
	- spark 1.10.53
	   \-- fabric-permissions-api-v0 0.1-SNAPSHOT
	- the_lost_city 1.4.0
	- trackwork 1.2.2
	- undeadnights 2.1.0-Fabric-mc1.20.1
	- valkyrienskies 2.4.11
	   |-- com_fasterxml_classmate 1.5.1
	   |-- forgeconfigapiport 8.0.3
	   \-- mixinextras 0.5.0
	- vs_clockwork 0.5.6
	   |-- architectury 9.1.12
	   |-- kelvin 1.20.1-0.5.0+5c1c62c654
	   |    \-- architectury 9.1.12
	   \-- mixinsquared 0.3.7-beta.1
	- zombieawareness 1.20.1-1.13.1
	- zombiemod 1.0.0
[00:13:56] [main/INFO]: SpongePowered MIXIN Subsystem Version=0.8.7 Source=file:/workspaces/legendary-spork/servidor_minecraft/libraries/net/fabricmc/sponge-mixin/0.16.5+mixin.0.8.7/sponge-mixin-0.16.5+mixin.0.8.7.jar Service=Knot/Fabric Env=SERVER
[00:13:56] [main/INFO]: Compatibility level set to JAVA_16
[00:13:57] [main/INFO]: Compatibility level set to JAVA_17
[00:13:57] [main/WARN]: Reference map 'coroutil.refmap.json' for coroutil_fabric.mixins.json could not be read. If this is a development environment you can ignore this message
[00:13:57] [main/WARN]: Reference map 'kelvin-common-refmap.json' for kelvin-common.mixins.json could not be read. If this is a development environment you can ignore this message
[00:13:57] [main/WARN]: Reference map 'kelvin-fabric-refmap.json' for kelvin.mixins.json could not be read. If this is a development environment you can ignore this message
[00:13:57] [main/WARN]: Reference map 'mixins.trackwork.refmap.json' for trackwork.mixins.json could not be read. If this is a development environment you can ignore this message
[00:13:57] [main/WARN]: Error loading class: net/minecraft/class_881 (java.lang.ClassNotFoundException: net/minecraft/class_881)
[00:13:57] [main/WARN]: @Mixin target net.minecraft.class_881 was not found porting_lib_base.mixins.json:client.BoatRendererMixin from mod porting_lib_base
[00:13:57] [main/WARN]: Error loading class: net/minecraft/class_525 (java.lang.ClassNotFoundException: net/minecraft/class_525)
[00:13:57] [main/WARN]: @Mixin target net.minecraft.class_525 was not found porting_lib_base.mixins.json:client.CreateWorldScreenMixin from mod porting_lib_base
[00:13:58] [main/WARN]: Error loading class: net/minecraft/class_906 (java.lang.ClassNotFoundException: net/minecraft/class_906)
[00:13:58] [main/WARN]: @Mixin target net.minecraft.class_906 was not found porting_lib_tool_actions.mixins.json:FishingHookRendererMixin from mod porting_lib_tool_actions
[00:13:58] [main/WARN]: Error loading class: net/minecraft/class_329 (java.lang.ClassNotFoundException: net/minecraft/class_329)
[00:13:58] [main/WARN]: @Mixin target net.minecraft.class_329 was not found bodyhealthsystem.mixins.json:NoHeartsMixin from mod bodyhealthsystem
[00:13:58] [main/WARN]: Error loading class: net/minecraft/class_5684 (java.lang.ClassNotFoundException: net/minecraft/class_5684)
[00:13:58] [main/WARN]: @Mixin target net.minecraft.class_5684 was not found dehydration.mixins.json:TooltipComponentMixin from mod dehydration
[00:13:58] [main/WARN]: Error loading class: net/minecraft/class_276 (java.lang.ClassNotFoundException: net/minecraft/class_276)
[00:13:58] [main/WARN]: @Mixin target net.minecraft.class_276 was not found pointblank.fabric.mixins.json:RenderTargetMixin from mod pointblank
[00:13:58] [main/WARN]: Error loading class: net/minecraft/class_7766 (java.lang.ClassNotFoundException: net/minecraft/class_7766)
[00:13:58] [main/WARN]: @Mixin target net.minecraft.class_7766 was not found pointblank.fabric.mixins.json:SpriteLoaderMixin from mod pointblank
[00:13:58] [main/WARN]: Error loading class: com/illusivesoulworks/comforts/common/block/BaseComfortsBlock (java.lang.ClassNotFoundException: com/illusivesoulworks/comforts/common/block/BaseComfortsBlock)
[00:13:58] [main/WARN]: @Mixin target com.illusivesoulworks.comforts.common.block.BaseComfortsBlock was not found undeadnights.mixins.json:BaseComfortBlocksMixin from mod undeadnights
[00:13:58] [main/WARN]: Error loading class: dan200/computercraft/client/render/CustomLecternRenderer (java.lang.ClassNotFoundException: dan200/computercraft/client/render/CustomLecternRenderer)
[00:13:58] [main/WARN]: Error loading class: dan200/computercraft/shared/peripheral/speaker/SpeakerPosition (java.lang.ClassNotFoundException: dan200/computercraft/shared/peripheral/speaker/SpeakerPosition)
[00:13:58] [main/WARN]: Error loading class: dan200/computercraft/client/sound/SpeakerSound (java.lang.ClassNotFoundException: dan200/computercraft/client/sound/SpeakerSound)
[00:13:58] [main/WARN]: Error loading class: dan200/computercraft/shared/turtle/core/TurtleBrain (java.lang.ClassNotFoundException: dan200/computercraft/shared/turtle/core/TurtleBrain)
[00:13:58] [main/WARN]: Error loading class: dan200/computercraft/shared/turtle/core/TurtleMoveCommand (java.lang.ClassNotFoundException: dan200/computercraft/shared/turtle/core/TurtleMoveCommand)
[00:13:58] [main/WARN]: Error loading class: dan200/computercraft/shared/peripheral/modem/wireless/WirelessNetwork (java.lang.ClassNotFoundException: dan200/computercraft/shared/peripheral/modem/wireless/WirelessNetwork)
[00:13:59] [main/WARN]: Error loading class: rbasamoyai/createbigcannons/munitions/AbstractCannonProjectile (java.lang.ClassNotFoundException: rbasamoyai/createbigcannons/munitions/AbstractCannonProjectile)
[00:13:59] [main/WARN]: Error loading class: rbasamoyai/createbigcannons/cannon_control/contraption/MountedAutocannonContraption (java.lang.ClassNotFoundException: rbasamoyai/createbigcannons/cannon_control/contraption/MountedAutocannonContraption)
[00:13:59] [main/WARN]: @Mixin target rbasamoyai.createbigcannons.cannon_control.contraption.MountedAutocannonContraption was not found valkyrienskies-common.mixins.json:mod_compat.create_big_cannons.MixinCannonContraption from mod valkyrienskies
[00:13:59] [main/WARN]: Error loading class: rbasamoyai/createbigcannons/cannon_control/contraption/MountedBigCannonContraption (java.lang.ClassNotFoundException: rbasamoyai/createbigcannons/cannon_control/contraption/MountedBigCannonContraption)
[00:13:59] [main/WARN]: @Mixin target rbasamoyai.createbigcannons.cannon_control.contraption.MountedBigCannonContraption was not found valkyrienskies-common.mixins.json:mod_compat.create_big_cannons.MixinCannonContraption from mod valkyrienskies
[00:13:59] [main/WARN]: Error loading class: rbasamoyai/createbigcannons/utils/CBCUtils (java.lang.ClassNotFoundException: rbasamoyai/createbigcannons/utils/CBCUtils)
[00:13:59] [main/WARN]: Error loading class: rbasamoyai/createbigcannons/cannon_control/fixed_cannon_mount/FixedCannonMountBlockEntity$FixedCannonMountScrollValueBehaviour (java.lang.ClassNotFoundException: rbasamoyai/createbigcannons/cannon_control/fixed_cannon_mount/FixedCannonMountBlockEntity$FixedCannonMountScrollValueBehaviour)
[00:13:59] [main/WARN]: @Mixin target rbasamoyai.createbigcannons.cannon_control.fixed_cannon_mount.FixedCannonMountBlockEntity$FixedCannonMountScrollValueBehaviour was not found valkyrienskies-common.mixins.json:mod_compat.create_big_cannons.MixinFCMSVB from mod valkyrienskies
[00:13:59] [main/WARN]: Error loading class: rbasamoyai/createbigcannons/cannon_control/contraption/PitchOrientedContraptionEntity (java.lang.ClassNotFoundException: rbasamoyai/createbigcannons/cannon_control/contraption/PitchOrientedContraptionEntity)
[00:13:59] [main/WARN]: Error loading class: rbasamoyai/ritchiesprojectilelib/RitchiesProjectileLib (java.lang.ClassNotFoundException: rbasamoyai/ritchiesprojectilelib/RitchiesProjectileLib)
[00:13:59] [main/WARN]: @Mixin target rbasamoyai.ritchiesprojectilelib.RitchiesProjectileLib was not found valkyrienskies-common.mixins.json:mod_compat.create_big_cannons.MixinRitchiesProjectileLib from mod valkyrienskies
[00:13:59] [main/WARN]: Error loading class: rbasamoyai/createbigcannons/network/ServerboundSetFixedCannonMountValuePacket (java.lang.ClassNotFoundException: rbasamoyai/createbigcannons/network/ServerboundSetFixedCannonMountValuePacket)
[00:13:59] [main/WARN]: @Mixin target rbasamoyai.createbigcannons.network.ServerboundSetFixedCannonMountValuePacket was not found valkyrienskies-common.mixins.json:mod_compat.create_big_cannons.MixinSSFCMVP from mod valkyrienskies
[00:13:59] [main/WARN]: Error loading class: me/duquee/createutilities/blocks/voidtypes/VoidLinkBehaviour (java.lang.ClassNotFoundException: me/duquee/createutilities/blocks/voidtypes/VoidLinkBehaviour)
[00:13:59] [main/WARN]: @Mixin target me.duquee.createutilities.blocks.voidtypes.VoidLinkBehaviour was not found valkyrienskies-common.mixins.json:mod_compat.create_utilities.MixinVoidLinkBehaviour from mod valkyrienskies
[00:13:59] [main/WARN]: Error loading class: fuzs/echochest/world/level/block/entity/EchoChestBlockEntity (java.lang.ClassNotFoundException: fuzs/echochest/world/level/block/entity/EchoChestBlockEntity)
[00:13:59] [main/WARN]: Error loading class: fuzs/echochest/world/level/block/entity/EchoChestListener (java.lang.ClassNotFoundException: fuzs/echochest/world/level/block/entity/EchoChestListener)
[00:13:59] [main/WARN]: Error loading class: dev/ftb/mods/ftbchunks/data/ClaimedChunkManagerImpl (java.lang.ClassNotFoundException: dev/ftb/mods/ftbchunks/data/ClaimedChunkManagerImpl)
[00:13:59] [main/WARN]: Error loading class: at/petrak/hexcasting/client/render/HexAdditionalRenderers (java.lang.ClassNotFoundException: at/petrak/hexcasting/client/render/HexAdditionalRenderers)
[00:13:59] [main/WARN]: Error loading class: at/petrak/hexcasting/common/casting/actions/raycast/OpEntityRaycast (java.lang.ClassNotFoundException: at/petrak/hexcasting/common/casting/actions/raycast/OpEntityRaycast)
[00:13:59] [main/WARN]: Error loading class: at/petrak/hexcasting/common/casting/actions/spells/great/OpTeleport (java.lang.ClassNotFoundException: at/petrak/hexcasting/common/casting/actions/spells/great/OpTeleport)
[00:13:59] [main/WARN]: @Mixin target at.petrak.hexcasting.common.casting.actions.spells.great.OpTeleport was not found valkyrienskies-common.mixins.json:mod_compat.hexcasting.MixinOpTeleport from mod valkyrienskies
[00:13:59] [main/WARN]: Error loading class: at/petrak/hexcasting/common/casting/actions/spells/great/OpTeleport$Spell (java.lang.ClassNotFoundException: at/petrak/hexcasting/common/casting/actions/spells/great/OpTeleport$Spell)
[00:13:59] [main/WARN]: @Mixin target at.petrak.hexcasting.common.casting.actions.spells.great.OpTeleport$Spell was not found valkyrienskies-common.mixins.json:mod_compat.hexcasting.MixinOpTeleport$Spell from mod valkyrienskies
[00:13:59] [main/WARN]: Error loading class: net/beholderface/ephemera/casting/patterns/link/OpNetworkTeleport (java.lang.ClassNotFoundException: net/beholderface/ephemera/casting/patterns/link/OpNetworkTeleport)
[00:13:59] [main/WARN]: Error loading class: ram/talia/hexal/common/casting/actions/spells/link/OpLink (java.lang.ClassNotFoundException: ram/talia/hexal/common/casting/actions/spells/link/OpLink)
[00:13:59] [main/WARN]: Error loading class: ram/talia/hexal/common/casting/actions/spells/link/OpLinkOthers (java.lang.ClassNotFoundException: ram/talia/hexal/common/casting/actions/spells/link/OpLinkOthers)
[00:13:59] [main/WARN]: Error loading class: ram/talia/hexal/client/RenderHelperKt (java.lang.ClassNotFoundException: ram/talia/hexal/client/RenderHelperKt)
[00:13:59] [main/WARN]: Error loading class: ram/talia/hexal/api/linkable/ServerLinkableHolder (java.lang.ClassNotFoundException: ram/talia/hexal/api/linkable/ServerLinkableHolder)
[00:13:59] [main/WARN]: Error loading class: net/mehvahdjukaar/moonlight/core/misc/FakeServerLevel (java.lang.ClassNotFoundException: net/mehvahdjukaar/moonlight/core/misc/FakeServerLevel)
[00:13:59] [main/WARN]: @Mixin target net.mehvahdjukaar.moonlight.core.misc.FakeServerLevel was not found valkyrienskies-common.mixins.json:mod_compat.moonlight.MixinFakeServerLevel from mod valkyrienskies
[00:13:59] [main/WARN]: Error loading class: li/cil/tis3d/common/entity/InfraredPacketEntity (java.lang.ClassNotFoundException: li/cil/tis3d/common/entity/InfraredPacketEntity)
[00:13:59] [main/WARN]: Error loading class: com/github/legoatoom/connectiblechains/entity/Chainable (java.lang.ClassNotFoundException: com/github/legoatoom/connectiblechains/entity/Chainable)
[00:13:59] [main/WARN]: @Mixin target com.github.legoatoom.connectiblechains.entity.Chainable was not found valkyrienskies-fabric.mixins.json:compat.connectiblechains.MixinChainable from mod valkyrienskies
[00:13:59] [main/WARN]: Error loading class: com/github/legoatoom/connectiblechains/entity/ChainCollisionEntity (java.lang.ClassNotFoundException: com/github/legoatoom/connectiblechains/entity/ChainCollisionEntity)
[00:13:59] [main/WARN]: @Mixin target com.github.legoatoom.connectiblechains.entity.ChainCollisionEntity was not found valkyrienskies-fabric.mixins.json:compat.connectiblechains.MixinChainCollisionEntity from mod valkyrienskies
[00:13:59] [main/WARN]: Error loading class: net/minecraft/class_1132 (java.lang.ClassNotFoundException: net/minecraft/class_1132)
[00:13:59] [main/WARN]: @Mixin target net.minecraft.class_1132 was not found zombieawareness.mixins_fabric.json:MixinIntegratedServer from mod zombieawareness
[00:13:59] [main/WARN]: Error loading class: dev/ftb/mods/ftbchunks/client/gui/LargeMapScreen (java.lang.ClassNotFoundException: dev/ftb/mods/ftbchunks/client/gui/LargeMapScreen)
[00:13:59] [main/WARN]: @Mixin target dev.ftb.mods.ftbchunks.client.gui.LargeMapScreen was not found create.mixins.json:compat.ftbchunks.LargeMapScreenAccessor from mod create
[00:13:59] [main/WARN]: Error loading class: dev/ftb/mods/ftbchunks/client/gui/RegionMapPanel (java.lang.ClassNotFoundException: dev/ftb/mods/ftbchunks/client/gui/RegionMapPanel)
[00:13:59] [main/WARN]: @Mixin target dev.ftb.mods.ftbchunks.client.gui.RegionMapPanel was not found create.mixins.json:compat.ftbchunks.RegionMapPanelAccessor from mod create
[00:13:59] [main/WARN]: Error loading class: net/minecraft/class_708 (java.lang.ClassNotFoundException: net/minecraft/class_708)
[00:13:59] [main/WARN]: Error loading class: net/minecraft/class_4587$class_4665 (java.lang.ClassNotFoundException: net/minecraft/class_4587$class_4665)
[00:13:59] [main/INFO]: I used the json to destroy the json
[00:13:59] [main/INFO]: Initializing MixinExtras via com.llamalad7.mixinextras.service.MixinExtrasServiceImpl(version=0.5.0).
[00:14:05] [main/WARN]: Discarding @Unique public method getSlotIndex in porting_lib_extensions.mixins.json:common.SlotMixin from mod porting_lib_extensions because it already exists in net.minecraft.class_1735
[00:14:05] [main/INFO]: [Berezka API] onInitialize()
[00:14:05] [main/INFO]: [Berezka API] initializing config. data:{gameDir:/workspaces/legendary-spork/servidor_minecraft, path:/workspaces/legendary-spork/servidor_minecraft/config}
[00:14:05] [main/INFO]: [Berezka API] trying to read config. data:{configPath:/workspaces/legendary-spork/servidor_minecraft/config/BerezkaAPI.toml}
[00:14:05] [main/INFO]: [Berezka API] reading config: #dont touch it.
config_version = 1
#just some test. 
test = some test value 
#test of list. 
test_list = [value1, value2, value3] 

[00:14:05] [main/INFO]: [Berezka API] reading line. data:{count:2, parts:[Ljava.lang.String;@62866aa4, line:config_version = 1}
[00:14:05] [main/INFO]: [Berezka API] reading line. data:{count:2, parts:[Ljava.lang.String;@3f2470df, line:test = some test value }
[00:14:05] [main/INFO]: [Berezka API] reading line. data:{count:2, parts:[Ljava.lang.String;@7bcd5468, line:test_list = [value1, value2, value3] }
[00:14:05] [main/INFO]: [Berezka API] new configValues: {berezka_api:config_version=1, berezka_api:test=some test value , berezka_api:test_list=[value1, value2, value3] }
[00:14:05] [main/INFO]: [Berezka API] trying to read config. data:{configPath:/workspaces/legendary-spork/servidor_minecraft/config/BerezkaAPI.toml}
[00:14:05] [main/INFO]: [Berezka API] updating config. data:{original:
#dont touch it.
config_version = 1
#just some test. 
test = some test value 
#test of list. 
test_list = [value1, value2, value3] 

new:
#dont touch it.
config_version = 1
#just some test. 
test = some test value 
#test of list. 
test_list = [value1, value2, value3] 
}
[00:14:05] [main/INFO]: [Berezka API] created file. data:{path:/workspaces/legendary-spork/servidor_minecraft/config/BerezkaAPI.toml}
[00:14:05] [main/INFO]: fabric loader environment detected
[00:14:05] [main/INFO]: Create 6.0.8.1 initializing!
[00:14:06] [main/WARN]: Method overwrite conflict for getStructureTransform in vs_clockwork-common.mixins.json:MixinAbstractContraptionEntity from mod vs_clockwork, previously written by org.valkyrienskies.mod.mixin.mod_compat.create.entity.MixinAbstractContraptionEntity. Skipping method.
[00:14:08] [main/INFO]: Initializing Kelvin...
[00:14:08] [main/INFO]: Registering Kelvin default gas particles...
[00:14:08] [main/INFO]: Registering C2S receiver with id kelvin:request_chunk_sync
[00:14:08] [main/INFO]: Registering gas types...
[00:14:08] [main/INFO]: Registered particle: kelvin:air
[00:14:08] [main/INFO]: Registering gas type kelvin:air...
[00:14:08] [main/INFO]: Registered gas type kelvin:air, with properties:
[00:14:08] [main/INFO]: Density: 1.293 | Viscosity: 1.716E-5 | Specific Heat Capacity: 1.005 | Thermal Conductivity: 0.026
[00:14:08] [main/INFO]: Sutherland Constant: 111.0 | Adiabatic Index: 1.4
[00:14:08] [main/INFO]: Icon Location: kelvin:textures/icons/air.png
[00:14:08] [main/INFO]: Registering reaction requirement kelvin:min_temperature
[00:14:08] [main/INFO]: Registering reaction requirement kelvin:max_temperature
[00:14:08] [main/INFO]: Registering reaction requirement kelvin:min_pressure
[00:14:08] [main/INFO]: Registering reaction requirement kelvin:max_pressure
[00:14:08] [main/INFO]: Registering reaction requirement kelvin:inhibited_by
[00:14:08] [main/INFO]: --- --- ---
[00:14:08] [main/INFO]: Finished registering gas types. We have 1 gasses registered!
[00:14:08] [main/INFO]: Kelvin has been initialized.
[00:14:08] [main/INFO]: Compression will use libdeflate (Linux x86_64), encryption will use OpenSSL 3.0.x (Linux x86_64)
[00:14:08] [main/INFO]: Loading mod pointblank
[00:14:08] [main/INFO]: [STDERR]: java.nio.file.NoSuchFileException: /workspaces/legendary-spork/servidor_minecraft/pointblank
[00:14:08] [main/INFO]: [STDERR]: 	at java.base/sun.nio.fs.UnixException.translateToIOException(UnixException.java:92)
[00:14:08] [main/INFO]: [STDERR]: 	at java.base/sun.nio.fs.UnixException.rethrowAsIOException(UnixException.java:106)
[00:14:08] [main/INFO]: [STDERR]: 	at java.base/sun.nio.fs.UnixException.rethrowAsIOException(UnixException.java:111)
[00:14:08] [main/INFO]: [STDERR]: 	at java.base/sun.nio.fs.UnixFileSystemProvider.newDirectoryStream(UnixFileSystemProvider.java:440)
[00:14:08] [main/INFO]: [STDERR]: 	at java.base/java.nio.file.Files.newDirectoryStream(Files.java:482)
[00:14:08] [main/INFO]: [STDERR]: 	at knot//com.vicmatskiv.pointblank.registry.ExtensionRegistry.scanExtensions(ExtensionRegistry.java:423)
[00:14:08] [main/INFO]: [STDERR]: 	at knot//com.vicmatskiv.pointblank.registry.ExtensionRegistry.discoverExtensions(ExtensionRegistry.java:247)
[00:14:08] [main/INFO]: [STDERR]: 	at knot//com.vicmatskiv.pointblank.PointBlankInitializer.init(PointBlankInitializer.java:30)
[00:14:08] [main/INFO]: [STDERR]: 	at knot//com.vicmatskiv.pointblank.PointBlankMod.onInitialize(PointBlankMod.java:9)
[00:14:08] [main/INFO]: [STDERR]: 	at net.fabricmc.loader.impl.FabricLoaderImpl.invokeEntrypoints(FabricLoaderImpl.java:405)
[00:14:08] [main/INFO]: [STDERR]: 	at net.fabricmc.loader.impl.game.minecraft.Hooks.startServer(Hooks.java:63)
[00:14:08] [main/INFO]: [STDERR]: 	at knot//net.minecraft.server.Main.main(Main.java:112)
[00:14:08] [main/INFO]: [STDERR]: 	at net.fabricmc.loader.impl.game.minecraft.MinecraftGameProvider.launch(MinecraftGameProvider.java:514)
[00:14:08] [main/INFO]: [STDERR]: 	at net.fabricmc.loader.impl.launch.knot.Knot.launch(Knot.java:72)
[00:14:08] [main/INFO]: [STDERR]: 	at net.fabricmc.loader.impl.launch.knot.KnotServer.main(KnotServer.java:23)
[00:14:08] [main/INFO]: [STDERR]: 	at net.fabricmc.loader.impl.launch.server.FabricServerLauncher.main(FabricServerLauncher.java:69)
[00:14:08] [main/INFO]: [STDERR]: 	at net.fabricmc.installer.ServerLauncher.main(ServerLauncher.java:69)
[00:14:08] [main/ERROR]: No data fixer registered for grenade40mm
[00:14:08] [main/ERROR]: No data fixer registered for grenade20mm
[00:14:08] [main/ERROR]: No data fixer registered for smaw_rocket
[00:14:08] [main/ERROR]: No data fixer registered for at4_rocket
[00:14:08] [main/ERROR]: No data fixer registered for javelin_rocket
[00:14:08] [main/ERROR]: No data fixer registered for grenade
[00:14:09] [main/INFO]: [The Lost City] onInitialize()
[00:14:09] [main/INFO]: [Berezka API] initializing config. data:{gameDir:/workspaces/legendary-spork/servidor_minecraft, path:/workspaces/legendary-spork/servidor_minecraft/config}
[00:14:09] [main/INFO]: [Berezka API] trying to read config. data:{configPath:/workspaces/legendary-spork/servidor_minecraft/config/TheLostCity.toml}
[00:14:09] [main/INFO]: [Berezka API] reading config: #Minimum distance between two neighboring attempts.
CitySeparation = 32
#Average distance between two neighboring generation attempts.
CitySpacing = 64
#Defines the list of biomes where cities can spawn.
biomes = ["plains","snowy_plains", "sunflower_plains"]

[00:14:09] [main/INFO]: [Berezka API] reading line. data:{count:2, parts:[Ljava.lang.String;@40b5be25, line:CitySeparation = 32}
[00:14:09] [main/INFO]: [Berezka API] reading line. data:{count:2, parts:[Ljava.lang.String;@3c33dfad, line:CitySpacing = 64}
[00:14:09] [main/INFO]: [Berezka API] reading line. data:{count:2, parts:[Ljava.lang.String;@45b94500, line:biomes = ["plains","snowy_plains", "sunflower_plains"]}
[00:14:09] [main/INFO]: [Berezka API] new configValues: {berezka_api:config_version=1, berezka_api:test=some test value , berezka_api:test_list=[value1, value2, value3] , the_lost_city:CitySpacing=64, the_lost_city:CitySeparation=32, the_lost_city:biomes=["plains","snowy_plains", "sunflower_plains"]}
[00:14:09] [main/INFO]: [Berezka API] trying to read config. data:{configPath:/workspaces/legendary-spork/servidor_minecraft/config/TheLostCity.toml}
[00:14:09] [main/INFO]: [Berezka API] updating config. data:{original:
#Minimum distance between two neighboring attempts.
CitySeparation = 32
#Average distance between two neighboring generation attempts.
CitySpacing = 64
#Defines the list of biomes where cities can spawn.
biomes = ["plains","snowy_plains", "sunflower_plains"]

new:
#Minimum distance between two neighboring attempts.
CitySeparation = 32
#Average distance between two neighboring generation attempts.
CitySpacing = 64
#Defines the list of biomes where cities can spawn.
biomes = ["plains","snowy_plains", "sunflower_plains"]
}
[00:14:09] [main/INFO]: [Berezka API] created file. data:{path:/workspaces/legendary-spork/servidor_minecraft/config/TheLostCity.toml}
[00:14:09] [main/INFO]: [Berezka API] registering data to resource Pack. data:{modid:the_lost_city, path:worldgen/structure/city.json, Json:{
  "type": "minecraft:jigsaw",
  "start_pool": "the_lost_city:city",
  "size": 7,
  "max_distance_from_center": 116,
  "spawn_overrides": {},
  "step": "surface_structures",
  "terrain_adaptation": "beard_thin",
  "start_height": {
    "type": "minecraft:uniform",
    "min_inclusive": {
      "absolute": 64
    },
    "max_inclusive": {
      "absolute": 80
    }
  },
  "biomes": ["plains","snowy_plains", "sunflower_plains"],
  "use_expansion_hack": false
}
, id:the_lost_city:worldgen/structure/city.json, result:[B@4c0b47a}
[00:14:09] [main/INFO]: [Berezka API] findDataFromResourcePack()
[00:14:09] [main/INFO]: [Berezka API] findDataFromResourcePack adding:the_lost_city:worldgen/structure/city.json
[00:14:09] [main/INFO]: [Berezka API] registering data to resource Pack. data:{modid:the_lost_city, path:worldgen/structure_set/city.json, Json:{
  "structures": [
    {
      "structure": "the_lost_city:city",
      "weight": 1
    }
  ],
  "placement": {
    "type": "minecraft:random_spread",
    "spacing": 64,
    "separation": 32,
    "salt": 1687843387
  },
  "type": "minecraft:jigsaw",
  "start_pool": "the_lost_city:city",
  "size": 1,
  "max_distance_from_center": 1,
  "spawn_overrides": {},
  "step": "surface_structures",
  "terrain_adaptation": "beard_box",
  "start_height": {
    "absolute": 0
  },
  "project_start_to_heightmap": "WORLD_SURFACE_WG",
  "biomes": "forest",
  "use_expansion_hack": false
}
, id:the_lost_city:worldgen/structure_set/city.json, result:[B@260c9453}
[00:14:09] [main/INFO]: [Berezka API] findDataFromResourcePack()
[00:14:09] [main/INFO]: [Berezka API] findDataFromResourcePack adding:the_lost_city:worldgen/structure/city.json
[00:14:09] [main/INFO]: [Berezka API] findDataFromResourcePack adding:the_lost_city:worldgen/structure_set/city.json
[00:14:09] [main/INFO]: [Berezka API] registering data to resource Pack. data:{modid:the_lost_city, path:worldgen/template_pool/city.json, Json:{
   "name": "the_lost_city:city",
   "fallback": "minecraft:empty",
   "elements": [
     {
       "weight": 1,
       "element": {
         "element_type": "minecraft:single_pool_element",
         "location": "the_lost_city:start",
         "projection": "rigid",
         "processors": {
           "processors": [
             {
               "processor_type": "minecraft:block_ignore",
               "blocks": [
                 {
                   "Name": "minecraft:structure_block"
                 }
               ]
             }
           ]
         }
       }
     }
   ]
 }
, id:the_lost_city:worldgen/template_pool/city.json, result:[B@37a74188}
[00:14:09] [main/INFO]: [Berezka API] findDataFromResourcePack()
[00:14:09] [main/INFO]: [Berezka API] findDataFromResourcePack adding:the_lost_city:worldgen/structure/city.json
[00:14:09] [main/INFO]: [Berezka API] findDataFromResourcePack adding:the_lost_city:worldgen/template_pool/city.json
[00:14:09] [main/INFO]: [Berezka API] findDataFromResourcePack adding:the_lost_city:worldgen/structure_set/city.json
[00:14:09] [main/INFO]: Initialized VSCore on Fabric!
[00:14:09] [main/INFO]: Initializing the Undead Nights Mod
[00:14:09] [main/INFO]: Loading undeadnights horde mobs config
[00:14:09] [main/INFO]: No target entities specified in horde mob config, no additional entities will be targeted.
[00:14:09] [main/INFO]: Default horde mob undeadnights:horde_zombie was read from config.
[00:14:09] [main/INFO]: Horde mob undeadnights:elite_zombie with chance 3% was read from config.
[00:14:09] [main/INFO]: Horde mob undeadnights:demolition_zombie with chance 6% was read from config.
[00:14:09] [main/INFO]: Setting current difficulty level to: Level 1
[00:14:09] [main/INFO]: Loaded difficulty config with 1 difficulty levels.
[00:14:09] [main/ERROR]: No data fixer registered for undeadnights:horde_zombie
[00:14:09] [main/ERROR]: No data fixer registered for undeadnights:demolition_zombie
[00:14:09] [main/ERROR]: No data fixer registered for undeadnights:elite_zombie
[00:14:09] [main/ERROR]: No data fixer registered for undeadnights:tnt_projectile
[00:14:09] [main/INFO]: Registering Mod Items for undeadnights
[00:14:09] [main/INFO]: Registering Sounds for undeadnights
[00:14:09] [main/INFO]: Registering Mod Potions for undeadnights
[00:14:09] [main/INFO]: Registering Item Groups for undeadnights
[00:14:09] [main/ERROR]: No data fixer registered for valkyrienskies:ship_mounting_entity
[00:14:09] [main/ERROR]: No data fixer registered for valkyrienskies:vs_physics_entity
[00:14:09] [main/INFO]: Registering particle: phys_lightning
[00:14:09] [main/INFO]: Registering particle: leak
[00:14:10] [main/INFO]: Registered particle: kelvin:exhaust
[00:14:10] [main/INFO]: Registering gas type vs_clockwork:exhaust...
[00:14:10] [main/INFO]: Registered gas type vs_clockwork:exhaust, with properties:
[00:14:10] [main/INFO]: Density: 1.98 | Viscosity: 1.1E-5 | Specific Heat Capacity: 2.846 | Thermal Conductivity: 0.031
[00:14:10] [main/INFO]: Sutherland Constant: 111.0 | Adiabatic Index: 1.4
[00:14:10] [main/INFO]: Icon Location: vs_clockwork:textures/icons/exhaust.png
[00:14:10] [main/INFO]: Registered particle: kelvin:steam
[00:14:10] [main/INFO]: Registering gas type vs_clockwork:steam...
[00:14:10] [main/INFO]: Registered gas type vs_clockwork:steam, with properties:
[00:14:10] [main/INFO]: Density: 0.762 | Viscosity: 1.223E-5 | Specific Heat Capacity: 2.2 | Thermal Conductivity: 0.031
[00:14:10] [main/INFO]: Sutherland Constant: 111.0 | Adiabatic Index: 1.4
[00:14:10] [main/INFO]: Icon Location: vs_clockwork:textures/icons/steam.png
[00:14:10] [main/INFO]: Registered particle: kelvin:phlogiston
[00:14:10] [main/INFO]: Registering gas type vs_clockwork:phlogiston...
[00:14:10] [main/INFO]: Registered gas type vs_clockwork:phlogiston, with properties:
[00:14:10] [main/INFO]: Density: 3.0 | Viscosity: 2.0E-5 | Specific Heat Capacity: 14.3 | Thermal Conductivity: 0.24
[00:14:10] [main/INFO]: Sutherland Constant: 150.0 | Adiabatic Index: 1.008
[00:14:10] [main/INFO]: Icon Location: vs_clockwork:textures/icons/phlogiston.png
[00:14:10] [main/INFO]: Registered particle: kelvin:aether
[00:14:10] [main/INFO]: Registering gas type vs_clockwork:aether...
[00:14:10] [main/INFO]: Registered gas type vs_clockwork:aether, with properties:
[00:14:10] [main/INFO]: Density: 0.166 | Viscosity: 1.96E-5 | Specific Heat Capacity: 5.1832 | Thermal Conductivity: 0.151
[00:14:10] [main/INFO]: Sutherland Constant: 79.4 | Adiabatic Index: 1.66
[00:14:10] [main/INFO]: Icon Location: vs_clockwork:textures/icons/aether.png
[00:14:10] [main/INFO]: Registered particle: kelvin:stellane
[00:14:10] [main/INFO]: Registering gas type vs_clockwork:stellane...
[00:14:10] [main/INFO]: Registered gas type vs_clockwork:stellane, with properties:
[00:14:10] [main/INFO]: Density: 0.08988 | Viscosity: 8.8E-6 | Specific Heat Capacity: 14.3 | Thermal Conductivity: 0.18
[00:14:10] [main/INFO]: Sutherland Constant: 72.0 | Adiabatic Index: 1.4
[00:14:10] [main/INFO]: Icon Location: vs_clockwork:textures/icons/stellane.png
[00:14:10] [main/INFO]: Registered particle: kelvin:bog
[00:14:10] [main/INFO]: Registering gas type vs_clockwork:bog...
[00:14:10] [main/INFO]: Registered gas type vs_clockwork:bog, with properties:
[00:14:10] [main/INFO]: Density: 0.657 | Viscosity: 1.1E-5 | Specific Heat Capacity: 2.2 | Thermal Conductivity: 0.031
[00:14:10] [main/INFO]: Sutherland Constant: 90.0 | Adiabatic Index: 16.0
[00:14:10] [main/INFO]: Icon Location: vs_clockwork:textures/icons/bog.png
[00:14:10] [main/INFO]: Registered particle: kelvin:vitriol
[00:14:10] [main/INFO]: Registering gas type vs_clockwork:vitriol...
[00:14:10] [main/INFO]: Registered gas type vs_clockwork:vitriol, with properties:
[00:14:10] [main/INFO]: Density: 2.2 | Viscosity: 2.0E-5 | Specific Heat Capacity: 8.0 | Thermal Conductivity: 0.16
[00:14:10] [main/INFO]: Sutherland Constant: 68.4 | Adiabatic Index: 1.008
[00:14:10] [main/INFO]: Icon Location: vs_clockwork:textures/icons/vitriol.png
[00:14:10] [main/INFO]: Registered particle: kelvin:ozonite
[00:14:10] [main/INFO]: Registering gas type vs_clockwork:ozonite...
[00:14:10] [main/INFO]: Registered gas type vs_clockwork:ozonite, with properties:
[00:14:10] [main/INFO]: Density: 1.15 | Viscosity: 7.8E-6 | Specific Heat Capacity: 0.92 | Thermal Conductivity: 0.024
[00:14:10] [main/INFO]: Sutherland Constant: 127.0 | Adiabatic Index: 1.4
[00:14:10] [main/INFO]: Icon Location: vs_clockwork:textures/icons/ozonite.png
[00:14:10] [main/ERROR]: No data fixer registered for zombieawareness:scent
[00:14:10] [main/INFO]: Krypton is now accelerating your Minecraft server's networking stack 🚀
[00:14:10] [main/INFO]: Environment: authHost='https://authserver.mojang.com', accountsHost='https://api.mojang.com', sessionHost='https://sessionserver.mojang.com', servicesHost='https://api.minecraftservices.com', name='PROD'
[00:14:10] [main/INFO]: Created 157 recipes which will be injected into the game
[00:14:10] [main/INFO]: Created 0 tags which will be injected into the game
[00:14:10] [main/INFO]: ARRP register - before user
[00:14:10] [main/INFO]: ARRP register - before vanilla
[00:14:10] [main/INFO]: ARRP register - between vanilla and mods
[00:14:10] [main/INFO]: ARRP register - between mods and user
[00:14:10] [main/INFO]: ARRP register - after vanilla
[00:14:10] [main/INFO]: [Berezka API] adding ResourcePack. data:{RESOURCE_PACK:net.devtech.arrp.impl.RuntimeResourcePackImpl@4c504bec}
[00:14:11] [main/INFO]: [fabric-registry-sync] Loaded registry data [file 1/4]
[00:14:12] [main/ERROR]: Parsing error loading recipe trackwork:med_simple_wheel_part
com.google.gson.JsonSyntaxException: Invalid pattern: each row must be the same width
	at net.minecraft.class_1869.method_8145(class_1869.java:237) ~[server-intermediary.jar:?]
	at net.minecraft.class_1869$class_1870.method_8164(class_1869.java:286) ~[server-intermediary.jar:?]
	at com.simibubi.create.content.kinetics.crafter.MechanicalCraftingRecipe$Serializer.method_8164(MechanicalCraftingRecipe.java:91) ~[create-fabric-6.0.8.1+build.1744-mc1.20.1.jar:?]
	at com.simibubi.create.content.kinetics.crafter.MechanicalCraftingRecipe$Serializer.method_8121(MechanicalCraftingRecipe.java:87) ~[create-fabric-6.0.8.1+build.1744-mc1.20.1.jar:?]
	at net.minecraft.class_1863.method_17720(class_1863.java:135) ~[server-intermediary.jar:?]
	at net.minecraft.class_1863.method_20705(class_1863.java:56) ~[server-intermediary.jar:?]
	at net.minecraft.class_1863.method_18788(class_1863.java:35) ~[server-intermediary.jar:?]
	at net.minecraft.class_4080.method_18790(class_4080.java:13) ~[server-intermediary.jar:?]
	at java.util.concurrent.CompletableFuture$UniAccept.tryFire(CompletableFuture.java:718) ~[?:?]
	at java.util.concurrent.CompletableFuture$Completion.run(CompletableFuture.java:482) ~[?:?]
	at net.minecraft.class_4014.method_18365(class_4014.java:69) ~[server-intermediary.jar:?]
	at net.minecraft.class_156.method_43498(class_156.java:950) ~[server-intermediary.jar:?]
	at net.minecraft.class_156.method_43499(class_156.java:938) ~[server-intermediary.jar:?]
	at net.minecraft.server.Main.main(Main.java:160) ~[server-intermediary.jar:?]
	at net.fabricmc.loader.impl.game.minecraft.MinecraftGameProvider.launch(MinecraftGameProvider.java:514) ~[fabric-loader-0.18.2.jar:?]
	at net.fabricmc.loader.impl.launch.knot.Knot.launch(Knot.java:72) ~[fabric-loader-0.18.2.jar:?]
	at net.fabricmc.loader.impl.launch.knot.KnotServer.main(KnotServer.java:23) ~[fabric-loader-0.18.2.jar:?]
	at net.fabricmc.loader.impl.launch.server.FabricServerLauncher.main(FabricServerLauncher.java:69) ~[fabric-loader-0.18.2.jar:?]
	at net.fabricmc.installer.ServerLauncher.main(ServerLauncher.java:69) ~[fabric-server-launch.jar:1.0.1]
[00:14:12] [main/INFO]: Loaded 25 recipes
[00:14:12] [main/INFO]: Loaded 2428 advancements
[00:14:14] [main/WARN]: No specified tag 'forge:storage_blocks/aluminum' doesn't exist!
[00:14:14] [main/WARN]: No specified tag 'forge:storage_blocks/annealed_copper' doesn't exist!
[00:14:14] [main/WARN]: No specified tag 'forge:storage_blocks/beryllium' doesn't exist!
[00:14:14] [main/WARN]: No specified tag 'forge:storage_blocks/charcoal' doesn't exist!
[00:14:14] [main/WARN]: No specified tag 'forge:storage_blocks/cobalt' doesn't exist!
[00:14:14] [main/WARN]: No specified tag 'forge:storage_blocks/constantan' doesn't exist!
[00:14:14] [main/WARN]: No specified tag 'forge:storage_blocks/electrum' doesn't exist!
[00:14:14] [main/WARN]: No specified tag 'forge:storage_blocks/gallium' doesn't exist!
[00:14:14] [main/WARN]: No specified tag 'forge:storage_blocks/iridium' doesn't exist!
[00:14:14] [main/WARN]: No specified tag 'forge:storage_blocks/lead' doesn't exist!
[00:14:14] [main/WARN]: No specified tag 'forge:storage_blocks/lithium' doesn't exist!
[00:14:14] [main/WARN]: No specified tag 'forge:storage_blocks/magnetic_iron' doesn't exist!
[00:14:14] [main/WARN]: No specified tag 'forge:storage_blocks/neodymium' doesn't exist!
[00:14:14] [main/WARN]: No specified tag 'forge:storage_blocks/neutronium' doesn't exist!
[00:14:14] [main/WARN]: No specified tag 'forge:storage_blocks/nickel' doesn't exist!
[00:14:14] [main/WARN]: No specified tag 'forge:storage_blocks/opal' doesn't exist!
[00:14:14] [main/WARN]: No specified tag 'forge:storage_blocks/osmium' doesn't exist!
[00:14:14] [main/WARN]: No specified tag 'forge:storage_blocks/polyethylene' doesn't exist!
[00:14:14] [main/WARN]: No specified tag 'forge:storage_blocks/silver' doesn't exist!
[00:14:14] [main/WARN]: No specified tag 'forge:storage_blocks/tantalum' doesn't exist!
[00:14:14] [main/WARN]: No specified tag 'forge:storage_blocks/tin' doesn't exist!
[00:14:14] [main/WARN]: No specified tag 'forge:storage_blocks/titanium' doesn't exist!
[00:14:14] [main/WARN]: No specified tag 'forge:storage_blocks/uranium' doesn't exist!
[00:14:14] [main/WARN]: No specified tag 'forge:storage_blocks/vanadium' doesn't exist!
[00:14:14] [main/WARN]: No specified tag 'forge:storage_blocks/zinc' doesn't exist!
[00:14:14] [main/WARN]: No specified tag 'forge:storage_blocks/raw_aluminum' doesn't exist!
[00:14:14] [main/WARN]: No specified tag 'forge:storage_blocks/raw_beryllium' doesn't exist!
[00:14:14] [main/WARN]: No specified tag 'forge:storage_blocks/raw_cobalt' doesn't exist!
[00:14:14] [main/WARN]: No specified tag 'forge:storage_blocks/raw_iridium' doesn't exist!
[00:14:14] [main/WARN]: No specified tag 'forge:storage_blocks/raw_lead' doesn't exist!
[00:14:14] [main/WARN]: No specified tag 'forge:storage_blocks/raw_lithium' doesn't exist!
[00:14:14] [main/WARN]: No specified tag 'forge:storage_blocks/raw_magnetite' doesn't exist!
[00:14:14] [main/WARN]: No specified tag 'forge:storage_blocks/raw_neodymium' doesn't exist!
[00:14:14] [main/WARN]: No specified tag 'forge:storage_blocks/raw_nickel' doesn't exist!
[00:14:14] [main/WARN]: No specified tag 'forge:storage_blocks/raw_opal' doesn't exist!
[00:14:14] [main/WARN]: No specified tag 'forge:storage_blocks/raw_osmium' doesn't exist!
[00:14:14] [main/WARN]: No specified tag 'forge:storage_blocks/raw_silver' doesn't exist!
[00:14:14] [main/WARN]: No specified tag 'forge:storage_blocks/raw_tantalite' doesn't exist!
[00:14:14] [main/WARN]: No specified tag 'forge:storage_blocks/raw_tin' doesn't exist!
[00:14:14] [main/WARN]: No specified tag 'forge:storage_blocks/raw_titanium' doesn't exist!
[00:14:14] [main/WARN]: No specified tag 'forge:storage_blocks/raw_uranium' doesn't exist!
[00:14:14] [main/WARN]: No specified tag 'forge:storage_blocks/raw_vanadium' doesn't exist!
[00:14:14] [main/WARN]: No specified tag 'forge:storage_blocks/raw_zinc' doesn't exist!
[00:14:14] [main/WARN]: No specified tag 'minecraft:carpets' doesn't exist!
[00:14:14] [main/WARN]: No specified tag 'hexcasting:slate_blocks' doesn't exist!
[00:14:14] [main/WARN]: No specified tag 'hexcasting:amethyst_blocks' doesn't exist!
[00:14:14] [main/WARN]: No specified tag 'immersive_weathering:leaf_piles' doesn't exist!
[00:14:14] [main/WARN]: No specified tag 'woodworks:leaf_piles' doesn't exist!
[00:14:14] [main/WARN]: No specified tag 'create_vibrant_vaults:item_vaults' doesn't exist!
[00:14:14] [main/WARN]: No specified tag 'create_vibrant_vaults:shipping_containers' doesn't exist!
[00:14:14] [main/WARN]: No specified tag 'natures_spirit:travertine' doesn't exist!
[00:14:14] [main/WARN]: No specified tag 'natures_spirit:travertine_stairs' doesn't exist!
[00:14:14] [main/WARN]: No specified tag 'natures_spirit:travertine_slab' doesn't exist!
[00:14:14] [main/WARN]: No specified tag 'natures_spirit:cobbled_travertine' doesn't exist!
[00:14:14] [main/WARN]: No specified tag 'natures_spirit:cobbled_travertine_stairs' doesn't exist!
[00:14:14] [main/WARN]: No specified tag 'natures_spirit:cobbled_travertine_slab' doesn't exist!
[00:14:14] [main/WARN]: No specified tag 'natures_spirit:mossy_cobbled_travertine' doesn't exist!
[00:14:14] [main/WARN]: No specified tag 'natures_spirit:mossy_cobbled_travertine_stairs' doesn't exist!
[00:14:14] [main/WARN]: No specified tag 'natures_spirit:mossy_cobbled_travertine_slab' doesn't exist!
[00:14:14] [main/WARN]: No specified tag 'natures_spirit:chiseled_travertine' doesn't exist!
[00:14:14] [main/WARN]: No specified tag 'natures_spirit:polished_travertine' doesn't exist!
[00:14:14] [main/WARN]: No specified tag 'natures_spirit:polished_travertine_stairs' doesn't exist!
[00:14:14] [main/WARN]: No specified tag 'natures_spirit:polished_travertine_slab' doesn't exist!
[00:14:14] [main/WARN]: No specified tag 'natures_spirit:polished_travertine_wall' doesn't exist!
[00:14:14] [main/WARN]: No specified tag 'natures_spirit:travertine_bricks' doesn't exist!
[00:14:14] [main/WARN]: No specified tag 'natures_spirit:cracked_travertine_bricks' doesn't exist!
[00:14:14] [main/WARN]: No specified tag 'natures_spirit:travertine_brick_stairs' doesn't exist!
[00:14:14] [main/WARN]: No specified tag 'natures_spirit:travertine_brick_slab' doesn't exist!
[00:14:14] [main/WARN]: No specified tag 'natures_spirit:travertine_brick_wall' doesn't exist!
[00:14:14] [main/WARN]: No specified tag 'natures_spirit:mossy_travertine_bricks' doesn't exist!
[00:14:14] [main/WARN]: No specified tag 'natures_spirit:mossy_travertine_brick_stairs' doesn't exist!
[00:14:14] [main/WARN]: No specified tag 'natures_spirit:mossy_travertine_brick_slab' doesn't exist!
[00:14:14] [main/WARN]: No specified tag 'natures_spirit:mossy_travertine_brick_wall' doesn't exist!
[00:14:14] [main/WARN]: No specified tag 'natures_spirit:travertine_tiles' doesn't exist!
[00:14:14] [main/WARN]: No specified tag 'natures_spirit:cracked_travertine_tiles' doesn't exist!
[00:14:14] [main/WARN]: No specified tag 'natures_spirit:travertine_tile_stairs' doesn't exist!
[00:14:14] [main/WARN]: No specified tag 'natures_spirit:travertine_tile_slab' doesn't exist!
[00:14:14] [main/WARN]: No specified tag 'natures_spirit:travertine_tile_wall' doesn't exist!
[00:14:14] [main/WARN]: No specified tag 'natures_spirit:kaolin' doesn't exist!
[00:14:14] [main/WARN]: No specified tag 'natures_spirit:kaolin_stairs' doesn't exist!
[00:14:14] [main/WARN]: No specified tag 'natures_spirit:kaolin_slabs' doesn't exist!
[00:14:14] [main/WARN]: No specified tag 'natures_spirit:kaolin_bricks' doesn't exist!
[00:14:14] [main/WARN]: No specified tag 'natures_spirit:kaolin_brick_stairs' doesn't exist!
[00:14:14] [main/WARN]: No specified tag 'natures_spirit:kaolin_brick_slabs' doesn't exist!
[00:14:14] [main/WARN]: No specified tag 'natures_spirit:chalk' doesn't exist!
[00:14:14] [main/WARN]: No specified tag 'natures_spirit:chalk_stairs' doesn't exist!
[00:14:14] [main/WARN]: No specified tag 'natures_spirit:chalk_slabs' doesn't exist!
[00:14:14] [main/WARN]: No specified tag 'simplest_compression:compressed_sand' doesn't exist!
[00:14:14] [main/INFO]: Applied 579 biome modifications to 64 of 64 new biomes in 38.97 ms
[00:14:14] [Server thread/INFO]: Enabling Kelvin...
[00:14:14] [Server thread/INFO]: Starting background profiler...
[00:14:15] [Server thread/INFO]: Starting minecraft server version 1.20.1
[00:14:15] [Server thread/INFO]: Loading properties
[00:14:15] [Server thread/INFO]: Default game type: SURVIVAL
[00:14:15] [Server thread/INFO]: Generating keypair
[00:14:15] [Server thread/INFO]: Starting Minecraft server on *:25565
[00:14:15] [Server thread/INFO]: Using epoll channel type
[00:14:15] [Server thread/WARN]: **** SERVER IS RUNNING IN OFFLINE/INSECURE MODE!
[00:14:15] [Server thread/WARN]: The server will make no attempt to authenticate usernames. Beware.
[00:14:15] [Server thread/WARN]: While this makes the game possible to play without internet access, it also opens up the ability for hackers to connect with any username they choose.
[00:14:15] [Server thread/WARN]: To change this, set "online-mode" to "true" in the server.properties file.
[00:14:15] [Server thread/INFO]: Preparing level "world"
[00:14:15] [Server thread/WARN]: Method overwrite conflict for getLevel in valkyrienskies-fabric.mixins.json:feature.shipyard_entities.MixinPersistentEntitySectionManager from mod valkyrienskies, previously written by org.valkyrienskies.mod.mixin.feature.shipyard_entities.MixinPersistentEntitySectionManager. Skipping method.
[00:14:15] [Server thread/WARN]: Method overwrite conflict for setLevel in valkyrienskies-fabric.mixins.json:feature.shipyard_entities.MixinPersistentEntitySectionManager from mod valkyrienskies, previously written by org.valkyrienskies.mod.mixin.feature.shipyard_entities.MixinPersistentEntitySectionManager. Skipping method.
[00:14:17] [Server thread/INFO]: [STDOUT]: KrunchPhysicsAPISharedLibraryLoader loading library KrunchJni
[00:14:18] [Server thread/INFO]: We are not using UDP, falling back to TCP
[00:14:19] [Server thread/INFO]: Preparing start region for dimension minecraft:overworld
[00:14:22] [Worker-Main-3/INFO]: Preparing spawn area: 0%
[00:14:22] [Worker-Main-2/INFO]: Preparing spawn area: 0%
[00:14:22] [Worker-Main-2/INFO]: Preparing spawn area: 0%
[00:14:22] [Worker-Main-3/INFO]: Preparing spawn area: 0%
[00:14:22] [Worker-Main-2/INFO]: Preparing spawn area: 0%
[00:14:22] [Worker-Main-2/INFO]: Preparing spawn area: 0%
[00:14:22] [Worker-Main-1/INFO]: Preparing spawn area: 0%
[00:14:23] [Worker-Main-3/INFO]: Preparing spawn area: 0%
[00:14:23] [Worker-Main-3/INFO]: Preparing spawn area: 0%
[00:14:23] [Worker-Main-1/INFO]: Preparing spawn area: 0%
[00:14:24] [Worker-Main-2/INFO]: Preparing spawn area: 2%
[00:14:24] [Worker-Main-1/INFO]: Preparing spawn area: 79%
[00:14:25] [Server thread/INFO]: Time elapsed: 5807 ms
[00:14:25] [Server thread/INFO]: Done (9.819s)! For help, type "help"
[00:14:38] [Server thread/INFO]: le_arquen[/100.125.79.98:54507] logged in with entity id 25 at (153.59075823945577, 62.690780813298005, -489.457456666574)
[00:14:38] [Server thread/INFO]: le_arquen joined the game
[00:16:36] [Server thread/WARN]: le_arquen moved while colliding with unloaded ships!
[00:16:49] [Server thread/INFO]: [le_arquen: Set own game mode to Creative Mode]
[00:22:28] [Server thread/WARN]: le_arquen moved while colliding with unloaded ships!
[00:22:28] [Server thread/WARN]: le_arquen moved while colliding with unloaded ships!
[00:26:42] [Physics thread/WARN]: Attempted to make a joint with ships that don't exist! Has the ship been loaded yet?
[00:26:42] [Physics thread/WARN]: Attempted to make a joint with ships that don't exist! Has the ship been loaded yet?
[00:26:42] [Physics thread/WARN]: Tried to remove a joint with id -1 that does not exist!
[00:26:42] [Server thread/WARN]: Received physics frame update for ship with ShipId: 78, but a ship with this ShipId does not exist!
[00:26:42] [Server thread/WARN]: Received physics frame update for ship with ShipId: 78, but a ship with this ShipId does not exist!
[00:26:42] [Server thread/WARN]: Received physics frame update for ship with ShipId: 78, but a ship with this ShipId does not exist!
[00:26:43] [Physics thread/WARN]: Tried to remove a joint with id -1 that does not exist!
[00:26:43] [Server thread/WARN]: Received physics frame update for ship with ShipId: 77, but a ship with this ShipId does not exist!
[00:26:43] [Server thread/WARN]: Received physics frame update for ship with ShipId: 77, but a ship with this ShipId does not exist!
[00:26:43] [Server thread/WARN]: Received physics frame update for ship with ShipId: 77, but a ship with this ShipId does not exist!
[00:26:43] [Server thread/WARN]: Received physics frame update for ship with ShipId: 77, but a ship with this ShipId does not exist!
[00:29:05] [Server thread/INFO]: Unknown or incomplete command, see below for error
[00:29:05] [Server thread/INFO]: flywheel backend flywheel:off<--[HERE]
[00:55:31] [Server thread/INFO]: [le_arquen: Set the time to 1000]
